2026-01-01 00:31:52,644 [INFO] -----------------------Starting build-----------------------
2026-01-01 00:31:52,649 [INFO] Running configSets: _OnInstanceBoot
2026-01-01 00:31:52,651 [INFO] Running configSet _OnInstanceBoot
2026-01-01 00:31:52,654 [INFO] Running config AWSEBBaseConfig
2026-01-01 00:31:52,906 [INFO] Command clearbackupfiles succeeded
2026-01-01 00:31:52,908 [INFO] Running config AWSEBCfnHupEndpointOverride
2026-01-01 00:31:52,913 [INFO] Command clearbackupfiles succeeded
2026-01-01 00:31:52,914 [INFO] ConfigSets completed
2026-01-01 00:31:52,914 [INFO] -----------------------Build complete-----------------------
2026-01-01 00:34:27,814 [INFO] -----------------------Starting build-----------------------
2026-01-01 00:34:27,818 [INFO] Running configSets: Infra-EmbeddedPreBuild
2026-01-01 00:34:27,820 [INFO] Running configSet Infra-EmbeddedPreBuild
2026-01-01 00:34:27,820 [INFO] ConfigSets completed
2026-01-01 00:34:27,820 [INFO] -----------------------Build complete-----------------------
2026-01-01 00:36:19,846 [INFO] -----------------------Starting build-----------------------
2026-01-01 00:36:19,852 [INFO] Running configSets: Infra-EmbeddedPostBuild
2026-01-01 00:36:19,854 [INFO] Running configSet Infra-EmbeddedPostBuild
2026-01-01 00:36:19,855 [INFO] ConfigSets completed
2026-01-01 00:36:19,855 [INFO] -----------------------Build complete-----------------------
2026-01-01 00:55:22,692 [INFO] -----------------------Starting build-----------------------
2026-01-01 00:55:22,698 [INFO] Running configSets: Infra-EmbeddedPreBuild
2026-01-01 00:55:22,701 [INFO] Running configSet Infra-EmbeddedPreBuild
2026-01-01 00:55:22,702 [INFO] ConfigSets completed
2026-01-01 00:55:22,702 [INFO] -----------------------Build complete-----------------------
2026-01-01 00:55:36,070 [INFO] -----------------------Starting build-----------------------
2026-01-01 00:55:36,077 [INFO] Running configSets: Infra-EmbeddedPostBuild
2026-01-01 00:55:36,079 [INFO] Running configSet Infra-EmbeddedPostBuild
2026-01-01 00:55:36,080 [INFO] ConfigSets completed
2026-01-01 00:55:36,080 [INFO] -----------------------Build complete-----------------------
2026-01-01 01:48:34,743 [INFO] -----------------------Starting build-----------------------
2026-01-01 01:48:34,749 [INFO] Running configSets: Infra-EmbeddedPreBuild
2026-01-01 01:48:34,751 [INFO] Running configSet Infra-EmbeddedPreBuild
2026-01-01 01:48:34,752 [INFO] ConfigSets completed
2026-01-01 01:48:34,752 [INFO] -----------------------Build complete-----------------------
2026-01-01 01:48:48,360 [INFO] -----------------------Starting build-----------------------
2026-01-01 01:48:48,366 [INFO] Running configSets: Infra-EmbeddedPostBuild
2026-01-01 01:48:48,368 [INFO] Running configSet Infra-EmbeddedPostBuild
2026-01-01 01:48:48,369 [INFO] ConfigSets completed
2026-01-01 01:48:48,369 [INFO] -----------------------Build complete-----------------------
