[2026-01-01T00:31:52Z] Started EB User Data
+ SLEEP_TIME=2
+ SLEEP_TIME_MAX=3600
+ true
+ curl https://elasticbeanstalk-platform-assets-us-east-1.s3.amazonaws.com/stalks/eb_docker_amazon_linux_2023_1.0.1599.0_20251211143459/lib/UserDataScript.sh
  % Total    % Received % Xferd  Average Speed   Time    Time     Time  Current
                                 Dload  Upload   Total   Spent    Left  Speed
  0     0    0     0    0     0      0      0 --:--:-- --:--:-- --:--:--     0100  4838  100  4838    0     0  99165      0 --:--:-- --:--:-- --:--:--   98k
+ RESULT=0
+ [[ 0 -ne 0 ]]
+ /bin/bash /tmp/ebbootstrap.sh 'https://cloudformation-waitcondition-us-east-1.s3.amazonaws.com/arn%3Aaws%3Acloudformation%3Aus-east-1%3A188701360622%3Astack/awseb-e-ibwb4kyapk-stack/25f4ff40-e6a9-11f0-a99f-0affd9bc13ff/25f6fb10-e6a9-11f0-a99f-0affd9bc13ff/AWSEBInstanceLaunchWaitHandle?X-Amz-Algorithm=AWS4-HMAC-SHA256&X-Amz-Date=20260101T003104Z&X-Amz-SignedHeaders=host&X-Amz-Expires=86399&X-Amz-Credential=AKIA6L7Q4OWT3JRXU3BZ%2F20260101%2Fus-east-1%2Fs3%2Faws4_request&X-Amz-Signature=9700be99244d5671b09fb35bbae6df530899df2152e3ebc7f1d71b9bb1044a93' arn:aws:cloudformation:us-east-1:188701360622:stack/awseb-e-ibwb4kyapk-stack/25f4ff40-e6a9-11f0-a99f-0affd9bc13ff b5403165-5d50-49ce-8e24-107609ef32e6 https://elasticbeanstalk-health.us-east-1.amazonaws.com '' https://elasticbeanstalk-platform-assets-us-east-1.s3.amazonaws.com/stalks/eb_docker_amazon_linux_2023_1.0.1599.0_20251211143459 us-east-1
[2026-01-01T00:31:52.149Z] Started EB Bootstrapping Script.
[2026-01-01T00:31:52.160Z] Received parameters:
 TARBALLS = 
 EB_GEMS = 
 SIGNAL_URL = https://cloudformation-waitcondition-us-east-1.s3.amazonaws.com/arn%3Aaws%3Acloudformation%3Aus-east-1%3A188701360622%3Astack/awseb-e-ibwb4kyapk-stack/25f4ff40-e6a9-11f0-a99f-0affd9bc13ff/25f6fb10-e6a9-11f0-a99f-0affd9bc13ff/AWSEBInstanceLaunchWaitHandle?X-Amz-Algorithm=AWS4-HMAC-SHA256&X-Amz-Date=20260101T003104Z&X-Amz-SignedHeaders=host&X-Amz-Expires=86399&X-Amz-Credential=AKIA6L7Q4OWT3JRXU3BZ%2F20260101%2Fus-east-1%2Fs3%2Faws4_request&X-Amz-Signature=9700be99244d5671b09fb35bbae6df530899df2152e3ebc7f1d71b9bb1044a93
 STACK_ID = arn:aws:cloudformation:us-east-1:188701360622:stack/awseb-e-ibwb4kyapk-stack/25f4ff40-e6a9-11f0-a99f-0affd9bc13ff
 REGION = us-east-1
 GUID = 
 HEALTHD_GROUP_ID = b5403165-5d50-49ce-8e24-107609ef32e6
 HEALTHD_ENDPOINT = https://elasticbeanstalk-health.us-east-1.amazonaws.com
 PROXY_SERVER = 
 HEALTHD_PROXY_LOG_LOCATION = 
 PLATFORM_ASSETS_URL = https://elasticbeanstalk-platform-assets-us-east-1.s3.amazonaws.com/stalks/eb_docker_amazon_linux_2023_1.0.1599.0_20251211143459
[2026-01-01T00:31:52.166Z] engine url is set to https://elasticbeanstalk-platform-assets-us-east-1.s3.amazonaws.com/stalks/eb_docker_amazon_linux_2023_1.0.1599.0_20251211143459/lib/platform-engine.zip
[2026-01-01T00:31:52.168Z] first init of instance.
[2026-01-01T00:31:52.171Z] Started executing cfn_init _OnInstanceBoot.
[2026-01-01T00:31:52.173Z] Running cfn-init ConfigSet: _OnInstanceBoot.
[2026-01-01T00:31:52.176Z] Using stack-id from userdata
[2026-01-01T00:31:52.947Z] Command Returned: 
[2026-01-01T00:31:52.950Z] Completed executing cfn_init.
[2026-01-01T00:31:52.952Z] finished _OnInstanceBoot
[2026-01-01T00:31:52.955Z] installing platform engine
2026-01-01 00:31:53 URL:https://elasticbeanstalk-platform-assets-us-east-1.s3.amazonaws.com/stalks/eb_docker_amazon_linux_2023_1.0.1599.0_20251211143459/lib/platform-engine.zip [41904723/41904723] -> "/tmp/platform-engine.zip" [1]
[2026-01-01T00:31:54.324Z] executing platform engine. see /var/log/eb-engine.log.
[2026-01-01T00:32:03.434Z] Successfully bootstrapped instance.
[2026-01-01T00:32:03.438Z] Sending signal 0 to CFN wait condition https://cloudformation-waitcondition-us-east-1.s3.amazonaws.com/arn%3Aaws%3Acloudformation%3Aus-east-1%3A188701360622%3Astack/awseb-e-ibwb4kyapk-stack/25f4ff40-e6a9-11f0-a99f-0affd9bc13ff/25f6fb10-e6a9-11f0-a99f-0affd9bc13ff/AWSEBInstanceLaunchWaitHandle?X-Amz-Algorithm=AWS4-HMAC-SHA256&X-Amz-Date=20260101T003104Z&X-Amz-SignedHeaders=host&X-Amz-Expires=86399&X-Amz-Credential=AKIA6L7Q4OWT3JRXU3BZ%2F20260101%2Fus-east-1%2Fs3%2Faws4_request&X-Amz-Signature=9700be99244d5671b09fb35bbae6df530899df2152e3ebc7f1d71b9bb1044a93
CloudFormation signaled successfully with status SUCCESS
[2026-01-01T00:32:03.739Z] Tailing /var/log/eb-engine.log

******************* eb-engine taillog *******************
2026/01/01 00:31:55.292483 [INFO] cfn-hup is not registered with EB yet, registering it now
2026/01/01 00:31:55.292524 [INFO] Running command: systemctl show -p PartOf cfn-hup.service
2026/01/01 00:31:55.308193 [INFO] Running command: systemctl daemon-reload
2026/01/01 00:31:55.525655 [INFO] Running command: systemctl reset-failed
2026/01/01 00:31:55.535466 [INFO] Running command: systemctl is-enabled aws-eb.target
2026/01/01 00:31:55.543573 [INFO] Running command: systemctl enable aws-eb.target
2026/01/01 00:31:55.864363 [INFO] Running command: systemctl start aws-eb.target
2026/01/01 00:31:55.874724 [INFO] Running command: systemctl enable cfn-hup.service
2026/01/01 00:31:56.154212 [INFO] Created symlink /etc/systemd/system/multi-user.target.wants/cfn-hup.service → /etc/systemd/system/cfn-hup.service.

2026/01/01 00:31:56.154247 [INFO] Running command: systemctl is-active cfn-hup.service
2026/01/01 00:31:56.162655 [INFO] cfn-hup process is not running, starting it now
2026/01/01 00:31:56.162673 [INFO] Running command: systemctl show -p PartOf cfn-hup.service
2026/01/01 00:31:56.172990 [INFO] Running command: systemctl is-active cfn-hup.service
2026/01/01 00:31:56.181176 [INFO] Running command: systemctl start cfn-hup.service
2026/01/01 00:31:56.281712 [INFO] Instance has NOT been bootstrapped
2026/01/01 00:31:56.281734 [INFO] Executing instruction: SetupPublishLogCronjob
2026/01/01 00:31:56.281738 [INFO] Setup publish logs cron job...
2026/01/01 00:31:56.281742 [INFO] Copying file /opt/elasticbeanstalk/config/private/logtasks/cron/publishlogs to /etc/cron.d/publishlogs
2026/01/01 00:31:56.284629 [INFO] Executing instruction: Start Docker
2026/01/01 00:31:56.284642 [INFO] Starting Docker...
2026/01/01 00:31:56.284719 [INFO] Copying file /opt/elasticbeanstalk/config/private/docker-log.conf to /etc/systemd/system/docker.service.d/docker-log.conf
2026/01/01 00:31:56.287014 [INFO] Copying file /opt/elasticbeanstalk/config/private/docker-rsyslog.conf to /etc/rsyslog.d/docker-log.conf
2026/01/01 00:31:56.289512 [INFO] Running command: systemctl restart rsyslog.service
2026/01/01 00:31:56.629340 [INFO] Running command: systemctl show -p PartOf docker.service
2026/01/01 00:31:56.643704 [INFO] Running command: systemctl daemon-reload
2026/01/01 00:31:58.121269 [INFO] Running command: systemctl reset-failed
2026/01/01 00:31:58.130666 [INFO] Running command: systemctl show -p PartOf docker.service
2026/01/01 00:31:58.142480 [INFO] Running command: systemctl restart docker.service
2026/01/01 00:32:02.770149 [INFO] Instance has NOT been bootstrapped
2026/01/01 00:32:02.770167 [INFO] Executing instruction: Setup Docker Options
2026/01/01 00:32:02.770171 [INFO] Setting up configurations for docker platform
2026/01/01 00:32:02.777279 [INFO] Running command: systemctl show -p PartOf eb-docker-events.service
2026/01/01 00:32:02.796576 [INFO] Running command: systemctl daemon-reload
2026/01/01 00:32:03.053535 [INFO] Running command: systemctl reset-failed
2026/01/01 00:32:03.062951 [INFO] Running command: systemctl enable eb-docker-events.service
2026/01/01 00:32:03.325511 [INFO] Created symlink /etc/systemd/system/docker.service.wants/eb-docker-events.service → /etc/systemd/system/eb-docker-events.service.

2026/01/01 00:32:03.325547 [INFO] Running command: systemctl show -p PartOf eb-docker-events.service
2026/01/01 00:32:03.336990 [INFO] Running command: systemctl is-active eb-docker-events.service
2026/01/01 00:32:03.344695 [INFO] Running command: systemctl start eb-docker-events.service
2026/01/01 00:32:03.432260 [INFO] Instance has NOT been bootstrapped
2026/01/01 00:32:03.432280 [INFO] Executing instruction: MarkBootstrapped
2026/01/01 00:32:03.432284 [INFO] Starting MarkBootstrapped
2026/01/01 00:32:03.432289 [INFO] Instance has NOT been bootstrapped
2026/01/01 00:32:03.432498 [INFO] Marked instance as Bootstrapped
2026/01/01 00:32:03.432503 [INFO] Executing instruction: Save CFN Stack Info
2026/01/01 00:32:03.432552 [INFO] Executing cleanup logic
2026/01/01 00:32:03.432563 [INFO] Platform Engine finished execution on command: env-launch
******************* End of taillog *******************


[2026-01-01T00:32:03.743Z] Tailing /var/log/eb-tools.log

******************* eb-tools taillog *******************
***eb-tools is not available yet.***
******************* End of taillog *******************


[2026-01-01T00:32:03.746Z] Tailing /var/log/eb-hooks.log

******************* eb-hooks taillog *******************
***eb-hooks is not available yet.***
******************* End of taillog *******************


[2026-01-01T00:32:03.748Z] Tailing /var/log/cfn-init.log

******************* cfn-init taillog *******************
2026-01-01 00:31:52,644 [INFO] -----------------------Starting build-----------------------
2026-01-01 00:31:52,649 [INFO] Running configSets: _OnInstanceBoot
2026-01-01 00:31:52,651 [INFO] Running configSet _OnInstanceBoot
2026-01-01 00:31:52,654 [INFO] Running config AWSEBBaseConfig
2026-01-01 00:31:52,906 [INFO] Command clearbackupfiles succeeded
2026-01-01 00:31:52,908 [INFO] Running config AWSEBCfnHupEndpointOverride
2026-01-01 00:31:52,913 [INFO] Command clearbackupfiles succeeded
2026-01-01 00:31:52,914 [INFO] ConfigSets completed
2026-01-01 00:31:52,914 [INFO] -----------------------Build complete-----------------------
******************* End of taillog *******************


[2026-01-01T00:32:03.752Z] Tailing /var/log/cfn-hup.log

******************* cfn-hup taillog *******************
2026-01-01 00:31:56,481 [DEBUG] CloudFormation client initialized with endpoint https://cloudformation.us-east-1.amazonaws.com
2026-01-01 00:31:56,481 [DEBUG] SQS client initialized with endpoint https://sqs.us-east-1.amazonaws.com
2026-01-01 00:31:56,481 [DEBUG] CloudFormation client initialized with endpoint https://cloudformation.us-east-1.amazonaws.com
2026-01-01 00:31:56,481 [DEBUG] Enabled single threading mode.
2026-01-01 00:31:56,481 [DEBUG] Creating /var/lib/cfn-hup/data
2026-01-01 00:31:56,490 [INFO] No umask value specified in config file. Using the default one: 0o22
2026-01-01 00:31:56,538 [INFO] Pid: 1773
2026-01-01 00:31:58,057 [INFO] Refreshing listener credentials
2026-01-01 00:31:58,155 [INFO] Scheduling next credential refresh in 1799.0 seconds
******************* End of taillog *******************


[2026-01-01T00:32:03.756Z] Completed EB Bootstrapping Script.
+ RESULT=0
+ [[ 0 -ne 0 ]]
+ exit 0
