2026-01-01 00:31:52,652 P1642 [INFO] ************************************************************
2026-01-01 00:31:52,652 P1642 [INFO] ConfigSet _OnInstanceBoot
2026-01-01 00:31:52,654 P1642 [INFO] ++++++++++++++++++++++++++++++++++++++++++++++++++++++++++++
2026-01-01 00:31:52,654 P1642 [INFO] Config AWSEBBaseConfig
2026-01-01 00:31:52,895 P1642 [INFO] ============================================================
2026-01-01 00:31:52,895 P1642 [INFO] Command clearbackupfiles
2026-01-01 00:31:52,905 P1642 [INFO] Completed successfully.
2026-01-01 00:31:52,909 P1642 [INFO] ++++++++++++++++++++++++++++++++++++++++++++++++++++++++++++
2026-01-01 00:31:52,909 P1642 [INFO] Config AWSEBCfnHupEndpointOverride
2026-01-01 00:31:52,909 P1642 [INFO] ============================================================
2026-01-01 00:31:52,909 P1642 [INFO] Command clearbackupfiles
2026-01-01 00:31:52,913 P1642 [INFO] Completed successfully.
2026-01-01 00:34:27,820 P2182 [INFO] ************************************************************
2026-01-01 00:34:27,820 P2182 [INFO] ConfigSet Infra-EmbeddedPreBuild
2026-01-01 00:36:19,854 P2884 [INFO] ************************************************************
2026-01-01 00:36:19,855 P2884 [INFO] ConfigSet Infra-EmbeddedPostBuild
2026-01-01 00:55:22,701 P31134 [INFO] ************************************************************
2026-01-01 00:55:22,702 P31134 [INFO] ConfigSet Infra-EmbeddedPreBuild
2026-01-01 00:55:36,079 P31500 [INFO] ************************************************************
2026-01-01 00:55:36,080 P31500 [INFO] ConfigSet Infra-EmbeddedPostBuild
