2026-01-01 00:31:56,481 [DEBUG] CloudFormation client initialized with endpoint https://cloudformation.us-east-1.amazonaws.com
2026-01-01 00:31:56,481 [DEBUG] SQS client initialized with endpoint https://sqs.us-east-1.amazonaws.com
2026-01-01 00:31:56,481 [DEBUG] CloudFormation client initialized with endpoint https://cloudformation.us-east-1.amazonaws.com
2026-01-01 00:31:56,481 [DEBUG] Enabled single threading mode.
2026-01-01 00:31:56,481 [DEBUG] Creating /var/lib/cfn-hup/data
2026-01-01 00:31:56,490 [INFO] No umask value specified in config file. Using the default one: 0o22
2026-01-01 00:31:56,538 [INFO] Pid: 1773
2026-01-01 00:31:58,057 [INFO] Refreshing listener credentials
2026-01-01 00:31:58,155 [INFO] Scheduling next credential refresh in 1799.0 seconds
2026-01-01 00:34:26,372 [INFO] Received command ElasticBeanstalkCommand-AWSEBAutoScalingGroup (invocation id: 23495487-eeb2-47a5-a038-e4bf8849f9bd)
2026-01-01 00:34:26,372 [INFO] Running action for aws-eb-command-handler
2026-01-01 00:36:31,860 [INFO] Action for aws-eb-command-handler succeeded, returning SUCCESS
2026-01-01 00:37:12,002 [INFO] command processing is alive.
2026-01-01 00:42:12,739 [INFO] command processing is alive.
2026-01-01 00:47:13,520 [INFO] command processing is alive.
2026-01-01 00:48:39,935 [INFO] Received command ElasticBeanstalkCommand-AWSEBAutoScalingGroup (invocation id: 4dfbccef-85ab-45b6-b99d-934c61ae6042)
2026-01-01 00:48:39,935 [INFO] Running action for aws-eb-command-handler
2026-01-01 00:49:17,700 [INFO] Action for aws-eb-command-handler succeeded, returning SUCCESS
2026-01-01 00:52:18,105 [INFO] command processing is alive.
2026-01-01 00:55:21,088 [INFO] Received command ElasticBeanstalkCommand-AWSEBAutoScalingGroup (invocation id: da454fe3-71f0-468d-9e76-01b365d4dba2)
2026-01-01 00:55:21,088 [INFO] Running action for aws-eb-command-handler
2026-01-01 00:55:53,807 [INFO] Action for aws-eb-command-handler succeeded, returning SUCCESS
2026-01-01 00:57:34,020 [INFO] command processing is alive.
2026-01-01 01:01:57,156 [INFO] Refreshing listener credentials
2026-01-01 01:01:57,245 [INFO] Scheduling next credential refresh in 1799.0 seconds
2026-01-01 01:02:34,481 [INFO] command processing is alive.
2026-01-01 01:07:34,984 [INFO] command processing is alive.
2026-01-01 01:12:35,636 [INFO] command processing is alive.
2026-01-01 01:17:36,066 [INFO] command processing is alive.
2026-01-01 01:22:36,547 [INFO] command processing is alive.
2026-01-01 01:23:04,762 [INFO] Received command ElasticBeanstalkCommand-AWSEBAutoScalingGroup (invocation id: 03eb7292-79f4-4e89-a6d1-9a1a5068bf18)
2026-01-01 01:23:04,762 [INFO] Running action for aws-eb-command-handler
