2025-12-31 00:30:46,911 [INFO] -----------------------Starting build-----------------------
2025-12-31 00:30:46,916 [INFO] Running configSets: _OnInstanceBoot
2025-12-31 00:30:46,918 [INFO] Running configSet _OnInstanceBoot
2025-12-31 00:30:46,920 [INFO] Running config AWSEBBaseConfig
2025-12-31 00:30:47,165 [INFO] Command clearbackupfiles succeeded
2025-12-31 00:30:47,169 [INFO] Running config AWSEBCfnHupEndpointOverride
2025-12-31 00:30:47,174 [INFO] Command clearbackupfiles succeeded
2025-12-31 00:30:47,175 [INFO] ConfigSets completed
2025-12-31 00:30:47,175 [INFO] -----------------------Build complete-----------------------
2025-12-31 00:33:39,799 [INFO] -----------------------Starting build-----------------------
2025-12-31 00:33:39,804 [INFO] Running configSets: Infra-EmbeddedPreBuild
2025-12-31 00:33:39,806 [INFO] Running configSet Infra-EmbeddedPreBuild
2025-12-31 00:33:39,806 [INFO] ConfigSets completed
2025-12-31 00:33:39,806 [INFO] -----------------------Build complete-----------------------
2025-12-31 00:35:31,866 [INFO] -----------------------Starting build-----------------------
2025-12-31 00:35:31,872 [INFO] Running configSets: Infra-EmbeddedPostBuild
2025-12-31 00:35:31,874 [INFO] Running configSet Infra-EmbeddedPostBuild
2025-12-31 00:35:31,875 [INFO] ConfigSets completed
2025-12-31 00:35:31,875 [INFO] -----------------------Build complete-----------------------
2025-12-31 18:36:26,525 [INFO] -----------------------Starting build-----------------------
2025-12-31 18:36:26,531 [INFO] Running configSets: Infra-EmbeddedPreBuild
2025-12-31 18:36:26,533 [INFO] Running configSet Infra-EmbeddedPreBuild
2025-12-31 18:36:26,534 [INFO] ConfigSets completed
2025-12-31 18:36:26,534 [INFO] -----------------------Build complete-----------------------
