# Logfile created on 2026-01-01 00:36:18 +0000 by logger.rb/v1.7.0
A, [2026-01-01T00:36:19.135787 #2855]   ANY -- : healthd daemon 1.0.8 initialized
W, [2026-01-01T00:36:19.217593 #2855]  WARN -- : log file "/var/log/nginx/healthd/application.log.2026-01-01-00" does not exist
W, [2026-01-01T00:36:24.219292 #2855]  WARN -- : log file "/var/log/nginx/healthd/application.log.2026-01-01-00" does not exist
W, [2026-01-01T00:36:29.240259 #2855]  WARN -- : log file "/var/log/nginx/healthd/application.log.2026-01-01-00" does not exist
F, [2026-01-01T00:48:59.014026 #2855] FATAL -- : /opt/elasticbeanstalk/lib/ruby/lib/ruby/gems/3.4.0/gems/puma-7.1.0/lib/puma/launcher.rb:451:in 'block in Puma::Launcher#setup_signals': SIGTERM (SignalException)
	from /opt/elasticbeanstalk/lib/ruby/lib/ruby/gems/3.4.0/gems/puma-7.1.0/lib/puma/single.rb:66:in 'Thread#join'
	from /opt/elasticbeanstalk/lib/ruby/lib/ruby/gems/3.4.0/gems/puma-7.1.0/lib/puma/single.rb:66:in 'Puma::Single#run'
	from /opt/elasticbeanstalk/lib/ruby/lib/ruby/gems/3.4.0/gems/puma-7.1.0/lib/puma/launcher.rb:207:in 'Puma::Launcher#run'
	from /opt/elasticbeanstalk/lib/ruby/lib/ruby/gems/3.4.0/gems/puma-7.1.0/lib/puma/cli.rb:73:in 'Puma::CLI#run'
	from /opt/elasticbeanstalk/lib/ruby/lib/ruby/gems/3.4.0/gems/healthd-1.0.8/bin/healthd:112:in 'block in <top (required)>'
	from /opt/elasticbeanstalk/lib/ruby/lib/ruby/gems/3.4.0/gems/healthd-1.0.8/bin/healthd:19:in 'Dir.chdir'
	from /opt/elasticbeanstalk/lib/ruby/lib/ruby/gems/3.4.0/gems/healthd-1.0.8/bin/healthd:19:in '<top (required)>'
	from /opt/elasticbeanstalk/lib/ruby/bin/healthd:25:in 'Kernel#load'
	from /opt/elasticbeanstalk/lib/ruby/bin/healthd:25:in '<main>'
A, [2026-01-01T00:49:03.137074 #27411]   ANY -- : healthd daemon 1.0.8 initialized
W, [2026-01-01T00:49:13.302746 #27411]  WARN -- : discarding statistic item after validation error (Invalid timestamp): {id: "0", namespace: "application", timestamp: 1767228460, data: "{\"duration\":10,\"latency_histogram\":[[0.001,1],[1.033,1]],\"http_counters\":{\"status_502\":2,\"request_count\":2}}"}
F, [2026-01-01T00:55:32.577991 #27411] FATAL -- : /opt/elasticbeanstalk/lib/ruby/lib/ruby/gems/3.4.0/gems/puma-7.1.0/lib/puma/launcher.rb:451:in 'block in Puma::Launcher#setup_signals': SIGTERM (SignalException)
	from /opt/elasticbeanstalk/lib/ruby/lib/ruby/gems/3.4.0/gems/puma-7.1.0/lib/puma/single.rb:66:in 'Thread#join'
	from /opt/elasticbeanstalk/lib/ruby/lib/ruby/gems/3.4.0/gems/puma-7.1.0/lib/puma/single.rb:66:in 'Puma::Single#run'
	from /opt/elasticbeanstalk/lib/ruby/lib/ruby/gems/3.4.0/gems/puma-7.1.0/lib/puma/launcher.rb:207:in 'Puma::Launcher#run'
	from /opt/elasticbeanstalk/lib/ruby/lib/ruby/gems/3.4.0/gems/puma-7.1.0/lib/puma/cli.rb:73:in 'Puma::CLI#run'
	from /opt/elasticbeanstalk/lib/ruby/lib/ruby/gems/3.4.0/gems/healthd-1.0.8/bin/healthd:112:in 'block in <top (required)>'
	from /opt/elasticbeanstalk/lib/ruby/lib/ruby/gems/3.4.0/gems/healthd-1.0.8/bin/healthd:19:in 'Dir.chdir'
	from /opt/elasticbeanstalk/lib/ruby/lib/ruby/gems/3.4.0/gems/healthd-1.0.8/bin/healthd:19:in '<top (required)>'
	from /opt/elasticbeanstalk/lib/ruby/bin/healthd:25:in 'Kernel#load'
	from /opt/elasticbeanstalk/lib/ruby/bin/healthd:25:in '<main>'
A, [2026-01-01T00:55:35.432601 #31471]   ANY -- : healthd daemon 1.0.8 initialized
W, [2026-01-01T00:55:45.531178 #31471]  WARN -- : discarding statistic item after validation error (Invalid timestamp): {id: "0", namespace: "application", timestamp: 1767228850, data: "{\"duration\":10,\"latency_histogram\":[[0.0,2]],\"http_counters\":{\"status_502\":2,\"request_count\":2}}"}
W, [2026-01-01T01:00:00.718977 #31471]  WARN -- : log file "/var/log/nginx/healthd/application.log.2026-01-01-01" does not exist
