# Logfile created on 2025-12-31 00:35:30 +0000 by logger.rb/v1.7.0
A, [2025-12-31T00:35:31.147586 #2860]   ANY -- : healthd daemon 1.0.8 initialized
W, [2025-12-31T00:35:31.210740 #2860]  WARN -- : log file "/var/log/nginx/healthd/application.log.2025-12-31-00" does not exist
W, [2025-12-31T00:35:36.212364 #2860]  WARN -- : log file "/var/log/nginx/healthd/application.log.2025-12-31-00" does not exist
W, [2025-12-31T00:35:41.213341 #2860]  WARN -- : log file "/var/log/nginx/healthd/application.log.2025-12-31-00" does not exist
W, [2025-12-31T00:35:46.213693 #2860]  WARN -- : log file "/var/log/nginx/healthd/application.log.2025-12-31-00" does not exist
W, [2025-12-31T01:00:00.708602 #2860]  WARN -- : log file "/var/log/nginx/healthd/application.log.2025-12-31-01" does not exist
W, [2025-12-31T01:00:05.709536 #2860]  WARN -- : log file "/var/log/nginx/healthd/application.log.2025-12-31-01" does not exist
W, [2025-12-31T02:00:01.607475 #2860]  WARN -- : log file "/var/log/nginx/healthd/application.log.2025-12-31-02" does not exist
W, [2025-12-31T02:00:06.608531 #2860]  WARN -- : log file "/var/log/nginx/healthd/application.log.2025-12-31-02" does not exist
W, [2025-12-31T03:00:02.074670 #2860]  WARN -- : log file "/var/log/nginx/healthd/application.log.2025-12-31-03" does not exist
W, [2025-12-31T03:00:07.076594 #2860]  WARN -- : log file "/var/log/nginx/healthd/application.log.2025-12-31-03" does not exist
W, [2025-12-31T05:00:00.579372 #2860]  WARN -- : log file "/var/log/nginx/healthd/application.log.2025-12-31-05" does not exist
W, [2025-12-31T06:00:00.852704 #2860]  WARN -- : log file "/var/log/nginx/healthd/application.log.2025-12-31-06" does not exist
W, [2025-12-31T07:00:01.376208 #2860]  WARN -- : log file "/var/log/nginx/healthd/application.log.2025-12-31-07" does not exist
W, [2025-12-31T07:00:06.377034 #2860]  WARN -- : log file "/var/log/nginx/healthd/application.log.2025-12-31-07" does not exist
W, [2025-12-31T08:00:02.024245 #2860]  WARN -- : log file "/var/log/nginx/healthd/application.log.2025-12-31-08" does not exist
W, [2025-12-31T08:00:07.092845 #2860]  WARN -- : log file "/var/log/nginx/healthd/application.log.2025-12-31-08" does not exist
W, [2025-12-31T09:00:00.820711 #2860]  WARN -- : log file "/var/log/nginx/healthd/application.log.2025-12-31-09" does not exist
W, [2025-12-31T09:00:05.824271 #2860]  WARN -- : log file "/var/log/nginx/healthd/application.log.2025-12-31-09" does not exist
W, [2025-12-31T09:00:10.824548 #2860]  WARN -- : log file "/var/log/nginx/healthd/application.log.2025-12-31-09" does not exist
W, [2025-12-31T10:00:00.454578 #2860]  WARN -- : log file "/var/log/nginx/healthd/application.log.2025-12-31-10" does not exist
W, [2025-12-31T11:00:01.880737 #2860]  WARN -- : log file "/var/log/nginx/healthd/application.log.2025-12-31-11" does not exist
W, [2025-12-31T12:00:01.300427 #2860]  WARN -- : log file "/var/log/nginx/healthd/application.log.2025-12-31-12" does not exist
W, [2025-12-31T12:00:06.308503 #2860]  WARN -- : log file "/var/log/nginx/healthd/application.log.2025-12-31-12" does not exist
W, [2025-12-31T13:00:02.793628 #2860]  WARN -- : log file "/var/log/nginx/healthd/application.log.2025-12-31-13" does not exist
W, [2025-12-31T13:00:07.797276 #2860]  WARN -- : log file "/var/log/nginx/healthd/application.log.2025-12-31-13" does not exist
W, [2025-12-31T14:00:00.815832 #2860]  WARN -- : log file "/var/log/nginx/healthd/application.log.2025-12-31-14" does not exist
W, [2025-12-31T16:00:00.947527 #2860]  WARN -- : log file "/var/log/nginx/healthd/application.log.2025-12-31-16" does not exist
W, [2025-12-31T17:00:01.468882 #2860]  WARN -- : log file "/var/log/nginx/healthd/application.log.2025-12-31-17" does not exist
W, [2025-12-31T17:00:06.490820 #2860]  WARN -- : log file "/var/log/nginx/healthd/application.log.2025-12-31-17" does not exist
W, [2025-12-31T18:00:00.332593 #2860]  WARN -- : log file "/var/log/nginx/healthd/application.log.2025-12-31-18" does not exist
W, [2025-12-31T18:00:05.334662 #2860]  WARN -- : log file "/var/log/nginx/healthd/application.log.2025-12-31-18" does not exist
F, [2025-12-31T18:33:20.940452 #2860] FATAL -- : /opt/elasticbeanstalk/lib/ruby/lib/ruby/gems/3.4.0/gems/puma-7.1.0/lib/puma/launcher.rb:451:in 'block in Puma::Launcher#setup_signals': SIGTERM (SignalException)
	from /opt/elasticbeanstalk/lib/ruby/lib/ruby/gems/3.4.0/gems/puma-7.1.0/lib/puma/single.rb:66:in 'Thread#join'
	from /opt/elasticbeanstalk/lib/ruby/lib/ruby/gems/3.4.0/gems/puma-7.1.0/lib/puma/single.rb:66:in 'Puma::Single#run'
	from /opt/elasticbeanstalk/lib/ruby/lib/ruby/gems/3.4.0/gems/puma-7.1.0/lib/puma/launcher.rb:207:in 'Puma::Launcher#run'
	from /opt/elasticbeanstalk/lib/ruby/lib/ruby/gems/3.4.0/gems/puma-7.1.0/lib/puma/cli.rb:73:in 'Puma::CLI#run'
	from /opt/elasticbeanstalk/lib/ruby/lib/ruby/gems/3.4.0/gems/healthd-1.0.8/bin/healthd:112:in 'block in <top (required)>'
	from /opt/elasticbeanstalk/lib/ruby/lib/ruby/gems/3.4.0/gems/healthd-1.0.8/bin/healthd:19:in 'Dir.chdir'
	from /opt/elasticbeanstalk/lib/ruby/lib/ruby/gems/3.4.0/gems/healthd-1.0.8/bin/healthd:19:in '<top (required)>'
	from /opt/elasticbeanstalk/lib/ruby/bin/healthd:25:in 'Kernel#load'
	from /opt/elasticbeanstalk/lib/ruby/bin/healthd:25:in '<main>'
A, [2025-12-31T18:33:24.914052 #2024512]   ANY -- : healthd daemon 1.0.8 initialized
W, [2025-12-31T18:33:35.074749 #2024512]  WARN -- : discarding statistic item after validation error (Invalid timestamp): {id: "0", namespace: "application", timestamp: 1767205920, data: "{\"duration\":10,\"latency_histogram\":[[2.121,1]],\"http_counters\":{\"status_502\":1,\"request_count\":1}}"}
W, [2025-12-31T18:41:56.194134 #2024512]  WARN -- : discarding statistic item after validation error (Invalid timestamp): {id: "0", namespace: "system", timestamp: 1767206294, data: "{\"loadavg\":{\"1\":4.1,\"5\":2.51,\"15\":2.52},\"cpu_usage\":{\"user\":564,\"nice\":0,\"system\":100,\"idle\":54,\"iowait\":1442,\"irq\":0,\"softirq\":3},\"disk_space\":{\"/\":{\"block_size\":4096,\"block_count\":2077691,\"free_blocks\":1143858}},\"meminfo\":{\"mem_total\":938848,\"mem_free\":56752,\"mem_available\":18692,\"buffers\":8,\"cached\":86716,\"swap_cached\":0,\"swap_total\":0,\"swap_free\":0},\"processor_count\":2,\"service_status\":{\"docker\":true,\"eb-docker-events\":true,\"eb-docker-log\":true,\"eb-docker\":true,\"nginx\":true}}"}
W, [2025-12-31T18:42:08.654776 #2024512]  WARN -- : discarding statistic item after validation error (Invalid timestamp): {id: "0", namespace: "application", timestamp: 1767206310, data: "{\"duration\":10,\"latency_histogram\":[[0.34,1]],\"http_counters\":{\"status_502\":1,\"request_count\":1}}"}
W, [2025-12-31T18:42:08.749775 #2024512]  WARN -- : discarding statistic item after validation error (Invalid timestamp): {id: "1", namespace: "application", timestamp: 1767206320, data: "{\"duration\":10,\"latency_histogram\":[[0.266,1]],\"http_counters\":{\"status_502\":1,\"request_count\":1}}"}
W, [2025-12-31T18:42:08.816678 #2024512]  WARN -- : discarding statistic item after validation error (Invalid timestamp): {id: "2", namespace: "application", timestamp: 1767206330, data: "{\"duration\":10,\"latency_histogram\":[[0.253,1],[0.393,1]],\"http_counters\":{\"status_502\":2,\"request_count\":2}}"}
W, [2025-12-31T18:42:08.836519 #2024512]  WARN -- : discarding statistic item after validation error (Invalid timestamp): {id: "3", namespace: "application", timestamp: 1767206340, data: "{\"duration\":10,\"latency_histogram\":[[0.885,1]],\"http_counters\":{\"status_502\":1,\"request_count\":1}}"}
W, [2025-12-31T18:42:08.836604 #2024512]  WARN -- : discarding statistic item after validation error (Invalid timestamp): {id: "4", namespace: "application", timestamp: 1767206350, data: "{\"duration\":10,\"latency_histogram\":[[0.727,1]],\"http_counters\":{\"status_502\":1,\"request_count\":1}}"}
W, [2025-12-31T18:42:08.868956 #2024512]  WARN -- : discarding statistic item after validation error (Invalid timestamp): {id: "5", namespace: "application", timestamp: 1767206360, data: "{\"duration\":10,\"latency_histogram\":[[0.695,1],[0.928,1]],\"http_counters\":{\"status_502\":2,\"request_count\":2}}"}
W, [2025-12-31T18:42:08.869038 #2024512]  WARN -- : discarding statistic item after validation error (Invalid timestamp): {id: "6", namespace: "application", timestamp: 1767206370, data: "{\"duration\":10,\"latency_histogram\":[[0.461,1]],\"http_counters\":{\"status_502\":1,\"request_count\":1}}"}
W, [2025-12-31T18:42:08.869057 #2024512]  WARN -- : discarding statistic item after validation error (Invalid timestamp): {id: "7", namespace: "application", timestamp: 1767206410, data: "{\"duration\":10,\"latency_histogram\":[[0.355,1]],\"http_counters\":{\"status_502\":1,\"request_count\":1}}"}
W, [2025-12-31T18:42:08.869071 #2024512]  WARN -- : discarding statistic item after validation error (Invalid timestamp): {id: "8", namespace: "application", timestamp: 1767206420, data: "{\"duration\":10,\"latency_histogram\":[[0.699,1],[0.784,1]],\"http_counters\":{\"status_502\":2,\"request_count\":2}}"}
W, [2025-12-31T18:42:08.869085 #2024512]  WARN -- : discarding statistic item after validation error (Invalid timestamp): {id: "9", namespace: "application", timestamp: 1767206430, data: "{\"duration\":10,\"latency_histogram\":[[0.896,1]],\"http_counters\":{\"status_502\":1,\"request_count\":1}}"}
W, [2025-12-31T18:42:08.869106 #2024512]  WARN -- : discarding statistic item after validation error (Invalid timestamp): {id: "10", namespace: "system", timestamp: 1767206304, data: "{\"loadavg\":{\"1\":4.09,\"5\":2.56,\"15\":2.54},\"cpu_usage\":{\"user\":101,\"nice\":0,\"system\":86,\"idle\":155,\"iowait\":1479,\"irq\":0,\"softirq\":4},\"disk_space\":{\"/\":{\"block_size\":4096,\"block_count\":2077691,\"free_blocks\":1143858}},\"meminfo\":{\"mem_total\":938848,\"mem_free\":64824,\"mem_available\":18420,\"buffers\":8,\"cached\":70124,\"swap_cached\":0,\"swap_total\":0,\"swap_free\":0},\"processor_count\":2,\"service_status\":{\"docker\":true,\"eb-docker-events\":true,\"eb-docker-log\":true,\"eb-docker\":true,\"nginx\":true}}"}
W, [2025-12-31T18:42:17.608916 #2024512]  WARN -- : discarding statistic item after validation error (Invalid timestamp): {id: "0", namespace: "application", timestamp: 1767206300, data: "{\"duration\":10,\"latency_histogram\":[[0.054,1],[0.091,1]],\"http_counters\":{\"status_502\":2,\"request_count\":2}}"}
W, [2025-12-31T18:54:16.850697 #2024512]  WARN -- : discarding statistic item after validation error (Invalid timestamp): {id: "0", namespace: "application", timestamp: 1767206560, data: "{\"duration\":10,\"latency_histogram\":[[0.0,1]],\"http_counters\":{\"status_502\":1,\"request_count\":1}}"}
W, [2025-12-31T18:54:27.133553 #2024512]  WARN -- : discarding statistic item after validation error (Invalid timestamp): {id: "0", namespace: "application", timestamp: 1767206570, data: "{\"duration\":10,\"latency_histogram\":[[0.239,1],[0.625,1]],\"http_counters\":{\"status_502\":2,\"request_count\":2}}"}
W, [2025-12-31T18:54:27.134789 #2024512]  WARN -- : discarding statistic item after validation error (Invalid timestamp): {id: "1", namespace: "application", timestamp: 1767206580, data: "{\"duration\":10,\"latency_histogram\":[[0.557,1]],\"http_counters\":{\"status_502\":1,\"request_count\":1}}"}
W, [2025-12-31T18:54:27.134829 #2024512]  WARN -- : discarding statistic item after validation error (Invalid timestamp): {id: "2", namespace: "application", timestamp: 1767206590, data: "{\"duration\":10,\"latency_histogram\":[[0.439,1]],\"http_counters\":{\"status_502\":1,\"request_count\":1}}"}
W, [2025-12-31T18:54:27.134851 #2024512]  WARN -- : discarding statistic item after validation error (Invalid timestamp): {id: "3", namespace: "application", timestamp: 1767206600, data: "{\"duration\":10,\"latency_histogram\":[[0.319,1],[0.718,1]],\"http_counters\":{\"status_502\":2,\"request_count\":2}}"}
W, [2025-12-31T18:54:27.134873 #2024512]  WARN -- : discarding statistic item after validation error (Invalid timestamp): {id: "4", namespace: "system", timestamp: 1767206566, data: "{\"loadavg\":{\"1\":12.11,\"5\":10.86,\"15\":6.24},\"cpu_usage\":{\"user\":544,\"nice\":0,\"system\":252,\"idle\":54,\"iowait\":4638,\"irq\":0,\"softirq\":11},\"disk_space\":{\"/\":{\"block_size\":4096,\"block_count\":2077691,\"free_blocks\":1075995}},\"meminfo\":{\"mem_total\":938848,\"mem_free\":62352,\"mem_available\":15264,\"buffers\":8,\"cached\":70220,\"swap_cached\":0,\"swap_total\":0,\"swap_free\":0},\"processor_count\":2,\"service_status\":{\"docker\":true,\"eb-docker-events\":true,\"eb-docker-log\":true,\"eb-docker\":true,\"nginx\":true}}"}
W, [2025-12-31T18:54:27.134892 #2024512]  WARN -- : discarding statistic item after validation error (Invalid timestamp): {id: "5", namespace: "application", timestamp: 1767207160, data: "{\"duration\":10,\"latency_histogram\":[[0.474,1]],\"http_counters\":{\"status_502\":1,\"request_count\":1}}"}
W, [2025-12-31T18:54:27.134908 #2024512]  WARN -- : discarding statistic item after validation error (Invalid timestamp): {id: "6", namespace: "application", timestamp: 1767207170, data: "{\"duration\":10,\"latency_histogram\":[[0.364,1],[0.438,1]],\"http_counters\":{\"status_502\":2,\"request_count\":2}}"}
W, [2025-12-31T19:00:00.714364 #2024512]  WARN -- : log file "/var/log/nginx/healthd/application.log.2025-12-31-19" does not exist
